MariaDB [examc0719320]> show databases;
+--------------------+
| Database           |
+--------------------+
| examc0719320       |
| information_schema |
| menagerie          |
| mysql              |
| mytestdb           |
| performance_schema |
| phpmyadmin         |
| test               |
+--------------------+
8 rows in set (0.00 sec)

MariaDB [examc0719320]> use examco719320;
ERROR 1049 (42000): Unknown database 'examco719320'
MariaDB [examc0719320]> show tables;
+------------------------+
| Tables_in_examc0719320 |
+------------------------+
| tbl_client             |
| tbl_employee           |
| tbl_location           |
| tbl_package            |
| tbl_shipment           |
+------------------------+
5 rows in set (0.00 sec)

MariaDB [examc0719320]> select employee_id from tbl_employee where name = 'Turanga Leela';
+-------------+
| employee_id |
+-------------+
|           2 |
+-------------+
1 row in set (0.00 sec)

MariaDB [examc0719320]> select * from tbl_shipment where manager = 2;
+-------------+---------------+---------+----------+
| shipment_id | shipment_date | manager | location |
+-------------+---------------+---------+----------+
|           3 | NULL          |       2 |        3 |
|           4 | NULL          |       2 |        4 |
+-------------+---------------+---------+----------+
2 rows in set (0.06 sec)

MariaDB [examc0719320]> select * from tbl_shipment JOIN tbl_employee 
    -> ON tbl_shipment.manager = tbl_employee.name = 'Turanga Leela'; 
+-------------+---------------+---------+----------+-------------+--------------------------+--------------+--------+-------------------------------------------------------------------------+
| shipment_id | shipment_date | manager | location | employee_id | name                     | position     | salary | remarks                                                                 |
+-------------+---------------+---------+----------+-------------+--------------------------+--------------+--------+-------------------------------------------------------------------------+
|           1 | 3004/05/11    |       1 |        1 |           1 | Phillip J. Fry           | Delivery boy |   7500 | Not to be confused with the Philip J. Fry from Hovering Squid World 97a |
|           2 | 3004/05/11    |       1 |        2 |           1 | Phillip J. Fry           | Delivery boy |   7500 | Not to be confused with the Philip J. Fry from Hovering Squid World 97a |
|           3 | NULL          |       2 |        3 |           1 | Phillip J. Fry           | Delivery boy |   7500 | Not to be confused with the Philip J. Fry from Hovering Squid World 97a |
|           4 | NULL          |       2 |        4 |           1 | Phillip J. Fry           | Delivery boy |   7500 | Not to be confused with the Philip J. Fry from Hovering Squid World 97a |
|           5 | NULL          |       7 |        5 |           1 | Phillip J. Fry           | Delivery boy |   7500 | Not to be confused with the Philip J. Fry from Hovering Squid World 97a |
|           1 | 3004/05/11    |       1 |        1 |           2 | Turanga Leela            | Captain      |  10000 | NULL                                                                    |
|           2 | 3004/05/11    |       1 |        2 |           2 | Turanga Leela            | Captain      |  10000 | NULL                                                                    |
|           3 | NULL          |       2 |        3 |           2 | Turanga Leela            | Captain      |  10000 | NULL                                                                    |
|           4 | NULL          |       2 |        4 |           2 | Turanga Leela            | Captain      |  10000 | NULL                                                                    |
|           5 | NULL          |       7 |        5 |           2 | Turanga Leela            | Captain      |  10000 | NULL                                                                    |
|           1 | 3004/05/11    |       1 |        1 |           3 | Bender Bending Rodriguez | Robot        |   7500 | NULL                                                                    |
|           2 | 3004/05/11    |       1 |        2 |           3 | Bender Bending Rodriguez | Robot        |   7500 | NULL                                                                    |
|           3 | NULL          |       2 |        3 |           3 | Bender Bending Rodriguez | Robot        |   7500 | NULL                                                                    |
|           4 | NULL          |       2 |        4 |           3 | Bender Bending Rodriguez | Robot        |   7500 | NULL                                                                    |
|           5 | NULL          |       7 |        5 |           3 | Bender Bending Rodriguez | Robot        |   7500 | NULL                                                                    |
|           1 | 3004/05/11    |       1 |        1 |           4 | Hubert J. Farnsworth     | CEO          |  20000 | NULL                                                                    |
|           2 | 3004/05/11    |       1 |        2 |           4 | Hubert J. Farnsworth     | CEO          |  20000 | NULL                                                                    |
|           3 | NULL          |       2 |        3 |           4 | Hubert J. Farnsworth     | CEO          |  20000 | NULL                                                                    |
|           4 | NULL          |       2 |        4 |           4 | Hubert J. Farnsworth     | CEO          |  20000 | NULL                                                                    |
|           5 | NULL          |       7 |        5 |           4 | Hubert J. Farnsworth     | CEO          |  20000 | NULL                                                                    |
|           1 | 3004/05/11    |       1 |        1 |           5 | John A. Zoidberg         | Physician    |     25 | NULL                                                                    |
|           2 | 3004/05/11    |       1 |        2 |           5 | John A. Zoidberg         | Physician    |     25 | NULL                                                                    |
|           3 | NULL          |       2 |        3 |           5 | John A. Zoidberg         | Physician    |     25 | NULL                                                                    |
|           4 | NULL          |       2 |        4 |           5 | John A. Zoidberg         | Physician    |     25 | NULL                                                                    |
|           5 | NULL          |       7 |        5 |           5 | John A. Zoidberg         | Physician    |     25 | NULL                                                                    |
|           1 | 3004/05/11    |       1 |        1 |           6 | Amy Wong                 | Intern       |   5000 | NULL                                                                    |
|           2 | 3004/05/11    |       1 |        2 |           6 | Amy Wong                 | Intern       |   5000 | NULL                                                                    |
|           3 | NULL          |       2 |        3 |           6 | Amy Wong                 | Intern       |   5000 | NULL                                                                    |
|           4 | NULL          |       2 |        4 |           6 | Amy Wong                 | Intern       |   5000 | NULL                                                                    |
|           5 | NULL          |       7 |        5 |           6 | Amy Wong                 | Intern       |   5000 | NULL                                                                    |
|           1 | 3004/05/11    |       1 |        1 |           7 | Hermes Conrad            | Bureaucrat   |  10000 | NULL                                                                    |
|           2 | 3004/05/11    |       1 |        2 |           7 | Hermes Conrad            | Bureaucrat   |  10000 | NULL                                                                    |
|           3 | NULL          |       2 |        3 |           7 | Hermes Conrad            | Bureaucrat   |  10000 | NULL                                                                    |
|           4 | NULL          |       2 |        4 |           7 | Hermes Conrad            | Bureaucrat   |  10000 | NULL                                                                    |
|           5 | NULL          |       7 |        5 |           7 | Hermes Conrad            | Bureaucrat   |  10000 | NULL                                                                    |
|           1 | 3004/05/11    |       1 |        1 |           8 | Scruffy Scruffington     | Janitor      |   5000 | NULL                                                                    |
|           2 | 3004/05/11    |       1 |        2 |           8 | Scruffy Scruffington     | Janitor      |   5000 | NULL                                                                    |
|           3 | NULL          |       2 |        3 |           8 | Scruffy Scruffington     | Janitor      |   5000 | NULL                                                                    |
|           4 | NULL          |       2 |        4 |           8 | Scruffy Scruffington     | Janitor      |   5000 | NULL                                                                    |
|           5 | NULL          |       7 |        5 |           8 | Scruffy Scruffington     | Janitor      |   5000 | NULL                                                                    |
+-------------+---------------+---------+----------+-------------+--------------------------+--------------+--------+-------------------------------------------------------------------------+
40 rows in set, 41 warnings (0.00 sec)

MariaDB [examc0719320]> 
MariaDB [examc0719320]> select * from tbl_shipment where manager IN 
    -> (
    ->  select employee_id from tbl_employee where name = 'Turanga Leela'
    -> )
    -> ;
+-------------+---------------+---------+----------+
| shipment_id | shipment_date | manager | location |
+-------------+---------------+---------+----------+
|           3 | NULL          |       2 |        3 |
|           4 | NULL          |       2 |        4 |
+-------------+---------------+---------+----------+
2 rows in set (0.03 sec)

MariaDB [examc0719320]> create view v1 as Display employess who name is "Turanga Leela" along with its shipment dertails.
    -> 
    -> 
    -> 
    -> 
    -> select * from tbl_shipment where manager IN 
    -> (
    ->  select employee_id from tbl_employee where name = 'Turanga Leela'
    -> )
    -> 
    -> 
    -> 
    -> ;
ERROR 1064 (42000): You have an error in your SQL syntax; check the manual that corresponds to your MariaDB server version for the right syntax to use near 'Display employess who name is "Turanga Leela" along with its shipment dertails.
' at line 1
MariaDB [examc0719320]> create view v1 as select * from tbl_shipment where manager IN 
    -> (
    ->  select employee_id from tbl_employee where name = 'Turanga Leela'
    -> )
    -> ;
Query OK, 0 rows affected (0.08 sec)

MariaDB [examc0719320]> select * from v1;
+-------------+---------------+---------+----------+
| shipment_id | shipment_date | manager | location |
+-------------+---------------+---------+----------+
|           3 | NULL          |       2 |        3 |
|           4 | NULL          |       2 |        4 |
+-------------+---------------+---------+----------+
2 rows in set (0.05 sec)

MariaDB [examc0719320]> select * from tbl_package where recipient = 1 or recipient = 5 or recipient = 6;
+-------------+----------------+------------+--------+--------+-----------+
| shipment_id | package_number | contents   | weight | sender | recipient |
+-------------+----------------+------------+--------+--------+-----------+
|           3 |              2 | Undeclared |      3 |      5 |         1 |
|           4 |              1 | Undeclared |      5 |      4 |         5 |
|           5 |              1 | Undeclared |    100 |      5 |         1 |
+-------------+----------------+------------+--------+--------+-----------+
3 rows in set (0.00 sec)

MariaDB [examc0719320]> create view v2 as 
    -> select * from tbl_package where recipient = 1 or recipient = 5 or recipient = 6;
Query OK, 0 rows affected (0.13 sec)

MariaDB [examc0719320]> select * from v2;
+-------------+----------------+------------+--------+--------+-----------+
| shipment_id | package_number | contents   | weight | sender | recipient |
+-------------+----------------+------------+--------+--------+-----------+
|           3 |              2 | Undeclared |      3 |      5 |         1 |
|           4 |              1 | Undeclared |      5 |      4 |         5 |
|           5 |              1 | Undeclared |    100 |      5 |         1 |
+-------------+----------------+------------+--------+--------+-----------+
3 rows in set (0.00 sec)

MariaDB [examc0719320]> select sender from tbl_package where contents != 'Undeclared' ;
+--------+
| sender |
+--------+
|      8 |
+--------+
1 row in set (0.00 sec)

MariaDB [examc0719320]> select recipient from tbl_package where contents != 'Undeclared' ;
+-----------+
| recipient |
+-----------+
|         7 |
+-----------+
1 row in set (0.00 sec)

MariaDB [examc0719320]> select sender from tbl_package where contents != 'Undeclared' UNION
    -> select recipient from tbl_package where contents != 'Undeclared' ;
+--------+
| sender |
+--------+
|      8 |
|      7 |
+--------+
2 rows in set (0.00 sec)

MariaDB [examc0719320]> select name from tbl_employee 
    -> where employee_id IN 
    -> (
    -> select sender from tbl_package where contents != 'Undeclared' UNION
    -> select recipient from tbl_package where contents != 'Undeclared' ;
ERROR 1064 (42000): You have an error in your SQL syntax; check the manual that corresponds to your MariaDB server version for the right syntax to use near '' at line 5
MariaDB [examc0719320]> 
MariaDB [examc0719320]> select name from tbl_employee 
    -> where employee_id IN 
    -> (
    -> select sender from tbl_package where contents != 'Undeclared' UNION
    -> select recipient from tbl_package where contents != 'Undeclared' 
    -> );
+----------------------+
| name                 |
+----------------------+
| Hermes Conrad        |
| Scruffy Scruffington |
+----------------------+
2 rows in set (0.00 sec)

MariaDB [examc0719320]> select location from tbl_shipment 
    -> where manager IN (
    -> select sender from tbl_package where contents != 'Undeclared' UNION
    -> select recipient from tbl_package where contents != 'Undeclared' 
    -> );
+----------+
| location |
+----------+
|        5 |
+----------+
1 row in set (0.00 sec)

MariaDB [examc0719320]> select employee_id,name from tbl_employee 
    -> where employee_id IN 
    -> (
    -> select sender from tbl_package where contents != 'Undeclared' UNION
    -> select recipient from tbl_package where contents != 'Undeclared' 
    -> );
+-------------+----------------------+
| employee_id | name                 |
+-------------+----------------------+
|           7 | Hermes Conrad        |
|           8 | Scruffy Scruffington |
+-------------+----------------------+
2 rows in set (0.00 sec)

MariaDB [examc0719320]> 
MariaDB [examc0719320]> select tbl_employee.name , tbl_location.location from tbl_employee 
    -> JOIN tbl_shipment 
    -> ON tbl_employee.employee_id = tbl_shipment.manager 
    -> JOIN tbl_location 
    -> ON tbl_location.location_id = tbl_shipment.location 
    -> where 
    -> (
    -> tbl_shipment.location IN ( select location from tbl_shipment where manager IN 
    -> (
    -> select sender from tbl_package where contents != 'Undeclared' UNION
    -> select recipient from tbl_package where contents != 'Undeclared' 
    -> ) 
    -> ) 
    -> 
    -> ;
ERROR 1064 (42000): You have an error in your SQL syntax; check the manual that corresponds to your MariaDB server version for the right syntax to use near '' at line 13
MariaDB [examc0719320]> 
MariaDB [examc0719320]> select tbl_employee.name , tbl_location.location from tbl_employee 
    -> JOIN tbl_shipment 
    -> ON tbl_employee.employee_id = tbl_shipment.manager 
    -> JOIN tbl_location 
    -> ON tbl_location.location_id = tbl_shipment.location 
    -> where 
    -> (
    -> tbl_shipment.location IN ( select location from tbl_shipment where manager IN 
    -> (
    -> select sender from tbl_package where contents != 'Undeclared' UNION
    -> select recipient from tbl_package where contents != 'Undeclared' 
    -> ) 
    -> )
    -> );
+---------------+---------------+
| name          | location      |
+---------------+---------------+
| Hermes Conrad | Tarantulon VI |
+---------------+---------------+
1 row in set (0.00 sec)

MariaDB [examc0719320]> create view v3 as 
    -> select tbl_employee.name , tbl_location.location from tbl_employee 
    -> JOIN tbl_shipment 
    -> ON tbl_employee.employee_id = tbl_shipment.manager 
    -> JOIN tbl_location 
    -> ON tbl_location.location_id = tbl_shipment.location 
    -> where 
    -> (
    -> tbl_shipment.location IN ( select location from tbl_shipment where manager IN 
    -> (
    -> select sender from tbl_package where contents != 'Undeclared' UNION
    -> select recipient from tbl_package where contents != 'Undeclared' 
    -> ) 
    -> )
    -> );
Query OK, 0 rows affected (0.08 sec)

MariaDB [examc0719320]> select * from v3;
+---------------+---------------+
| name          | location      |
+---------------+---------------+
| Hermes Conrad | Tarantulon VI |
+---------------+---------------+
1 row in set (0.02 sec)

MariaDB [examc0719320]> select * from tbl_package where weight between 5 and 10;
+-------------+----------------+------------+--------+--------+-----------+
| shipment_id | package_number | contents   | weight | sender | recipient |
+-------------+----------------+------------+--------+--------+-----------+
|           2 |              1 | Undeclared |     10 |      2 |         3 |
|           3 |              3 | Undeclared |      7 |      2 |         3 |
|           4 |              1 | Undeclared |      5 |      4 |         5 |
+-------------+----------------+------------+--------+--------+-----------+
3 rows in set (0.00 sec)

MariaDB [examc0719320]> select shipment_id from tbl_package where weight between 5 and 10;
+-------------+
| shipment_id |
+-------------+
|           2 |
|           3 |
|           4 |
+-------------+
3 rows in set (0.00 sec)

MariaDB [examc0719320]> select shipment_date from tbl_shipment 
    -> JOIN tbl_package 
    -> ON tbl_shipment.shipment_id = tbl_package.shipment_id 
    -> where weight between 5 and 10 ;
+---------------+
| shipment_date |
+---------------+
| 3004/05/11    |
| NULL          |
| NULL          |
+---------------+
3 rows in set (0.00 sec)

MariaDB [examc0719320]> 
MariaDB [examc0719320]> select shipment_date from tbl_shipment 
    -> JOIN tbl_package 
    -> ON tbl_shipment.shipment_id = tbl_package.shipment_id 
    -> where weight is not null;
+---------------+
| shipment_date |
+---------------+
| 3004/05/11    |
| 3004/05/11    |
| 3004/05/11    |
| NULL          |
| NULL          |
| NULL          |
| NULL          |
| NULL          |
| NULL          |
+---------------+
9 rows in set (0.00 sec)

MariaDB [examc0719320]> 
MariaDB [examc0719320]> select shipment_date from tbl_shipment 
    -> JOIN tbl_package 
    -> ON tbl_shipment.shipment_id = tbl_package.shipment_id 
    -> where weight != null;
Empty set (0.00 sec)

MariaDB [examc0719320]> 
MariaDB [examc0719320]> select shipment_date from tbl_shipment 
    -> JOIN tbl_package 
    -> ON tbl_shipment.shipment_id = tbl_package.shipment_id 
    -> where weight is interger;
ERROR 1064 (42000): You have an error in your SQL syntax; check the manual that corresponds to your MariaDB server version for the right syntax to use near 'interger' at line 4
MariaDB [examc0719320]> 
MariaDB [examc0719320]> select shipment_date from tbl_shipment 
    -> JOIN tbl_package 
    -> ON tbl_shipment.shipment_id = tbl_package.shipment_id 
    -> where weight is date;
ERROR 1064 (42000): You have an error in your SQL syntax; check the manual that corresponds to your MariaDB server version for the right syntax to use near 'date' at line 4
MariaDB [examc0719320]> select shipment_date from tbl_shipment 
    -> JOIN tbl_package 
    -> ON tbl_shipment.shipment_id = tbl_package.shipment_id 
    -> where shipment_date is date;
ERROR 1064 (42000): You have an error in your SQL syntax; check the manual that corresponds to your MariaDB server version for the right syntax to use near 'date' at line 4
MariaDB [examc0719320]> select shipment_date, tbl_package.sender , tbl_package.recipient from tbl_shipment 
    -> JOIN tbl_package 
    -> ON tbl_shipment.shipment_id = tbl_package.shipment_id 
    -> where weight between 5 and 10
    -> ;
+---------------+--------+-----------+
| shipment_date | sender | recipient |
+---------------+--------+-----------+
| 3004/05/11    |      2 |         3 |
| NULL          |      2 |         3 |
| NULL          |      4 |         5 |
+---------------+--------+-----------+
3 rows in set (0.00 sec)

MariaDB [examc0719320]> select shipment_date, tbl_package.sender , tbl_package.recipient
    -> from tbl_shipment 
    -> JOIN tbl_package 
    -> ON tbl_shipment.shipment_id = tbl_package.shipment_id 
    -> JOIN tbl_employee 
    -> ON tbl_employee.employee_id = tbl_package.sender 
    -> where weight between 5 and 10 
    -> ;
+---------------+--------+-----------+
| shipment_date | sender | recipient |
+---------------+--------+-----------+
| 3004/05/11    |      2 |         3 |
| NULL          |      2 |         3 |
| NULL          |      4 |         5 |
+---------------+--------+-----------+
3 rows in set (0.00 sec)

MariaDB [examc0719320]> select shipment_date, tbl_employee.name as sender_name
    -> from tbl_shipment 
    -> JOIN tbl_package 
    -> ON tbl_shipment.shipment_id = tbl_package.shipment_id 
    -> JOIN tbl_employee 
    -> ON tbl_employee.employee_id = tbl_package.sender 
    -> where weight between 5 and 10 ;
+---------------+----------------------+
| shipment_date | sender_name          |
+---------------+----------------------+
| 3004/05/11    | Turanga Leela        |
| NULL          | Turanga Leela        |
| NULL          | Hubert J. Farnsworth |
+---------------+----------------------+
3 rows in set (0.00 sec)

MariaDB [examc0719320]> select shipment_date, tbl_employee.name as sender_name
    -> from tbl_shipment 
    -> JOIN tbl_package 
    -> ON tbl_shipment.shipment_id = tbl_package.shipment_id 
    -> JOIN tbl_employee 
    -> ON tbl_employee.employee_id = tbl_package.recipient
    -> where weight between 5 and 10 
    -> ;
+---------------+--------------------------+
| shipment_date | sender_name              |
+---------------+--------------------------+
| 3004/05/11    | Bender Bending Rodriguez |
| NULL          | Bender Bending Rodriguez |
| NULL          | John A. Zoidberg         |
+---------------+--------------------------+
3 rows in set (0.00 sec)

MariaDB [examc0719320]> select shipment_date, tbl_employee.name as recipient_name
    -> from tbl_shipment 
    -> JOIN tbl_package 
    -> ON tbl_shipment.shipment_id = tbl_package.shipment_id 
    -> JOIN tbl_employee 
    -> ON tbl_employee.employee_id = tbl_package.recipient
    -> where weight between 5 and 10 ;
+---------------+--------------------------+
| shipment_date | recipient_name           |
+---------------+--------------------------+
| 3004/05/11    | Bender Bending Rodriguez |
| NULL          | Bender Bending Rodriguez |
| NULL          | John A. Zoidberg         |
+---------------+--------------------------+
3 rows in set (0.00 sec)

MariaDB [examc0719320]> select shipment_date, concat( tbl_employee.name as sender_name , tbl_employee.name as recipient_name)
    -> from tbl_shipment 
    -> JOIN tbl_package 
    -> ON tbl_shipment.shipment_id = tbl_package.shipment_id 
    -> JOIN tbl_employee 
    -> ON tbl_employee.employee_id = tbl_package.sender 
    -> JOIN tbl_employee 
    -> ON tbl_employee.employee_id = tbl_package.recipient 
    -> where weight between 5 and 10 
    -> 
    -> ;
ERROR 1583 (42000): Incorrect parameters in the call to native function 'concat'
MariaDB [examc0719320]> select shipment_date, tbl_employee.name as sender_name tbl_employee.name as recipient_name
    -> from tbl_shipment 
    -> JOIN tbl_package 
    -> ON tbl_shipment.shipment_id = tbl_package.shipment_id 
    -> JOIN tbl_employee 
    -> ON tbl_employee.employee_id = tbl_package.sender 
    -> JOIN tbl_employee 
    -> ON tbl_employee.employee_id = tbl_package.recipient 
    -> where weight between 5 and 10 
    -> 
    -> ;
ERROR 1064 (42000): You have an error in your SQL syntax; check the manual that corresponds to your MariaDB server version for the right syntax to use near 'tbl_employee.name as recipient_name
from tbl_shipment 
JOIN tbl_package 
ON tbl_' at line 1
MariaDB [examc0719320]> select shipment_date, tbl_employee.name as sender_name tbl_employee.name as recipient_name
    -> from tbl_shipment 
    -> JOIN tbl_package 
    -> ON tbl_shipment.shipment_id = tbl_package.shipment_id 
    -> JOIN tbl_employee 
    -> ON tbl_employee.employee_id = tbl_package.sender 
    -> AND tbl_employee.employee_id = tbl_package.recipient 
    -> where weight between 5 and 10 
    -> ;
ERROR 1064 (42000): You have an error in your SQL syntax; check the manual that corresponds to your MariaDB server version for the right syntax to use near 'tbl_employee.name as recipient_name
from tbl_shipment 
JOIN tbl_package 
ON tbl_' at line 1
MariaDB [examc0719320]> 
MariaDB [examc0719320]> select shipment_date, tbl_employee.name as sender_name , tbl_employee.name as recipient_name
    -> from tbl_shipment 
    -> JOIN tbl_package 
    -> ON tbl_shipment.shipment_id = tbl_package.shipment_id 
    -> JOIN tbl_employee 
    -> ON tbl_employee.employee_id = tbl_package.sender 
    -> JOIN tbl_employee 
    -> ON tbl_employee.employee_id = tbl_package.recipient 
    -> where weight between 5 and 10 
    -> ;
ERROR 1066 (42000): Not unique table/alias: 'tbl_employee'
MariaDB [examc0719320]> select shipment_date, tbl_employee.name as sender_name , tbl_employee.name as recipient_name
    -> from tbl_shipment 
    -> JOIN tbl_package 
    -> ON tbl_shipment.shipment_id = tbl_package.shipment_id 
    -> JOIN tbl_employee as s
    -> ON s.employee_id = tbl_package.sender 
    -> JOIN tbl_employee as r
    -> ON r.employee_id = tbl_package.recipient 
    -> where weight between 5 and 10 
    -> ;
ERROR 1054 (42S22): Unknown column 'tbl_employee.name' in 'field list'
MariaDB [examc0719320]> select date_format('3004/05/11 ', '%Mon');
+------------------------------------+
| date_format('3004/05/11 ', '%Mon') |
+------------------------------------+
| Mayon                              |
+------------------------------------+
1 row in set (0.05 sec)

MariaDB [examc0719320]> select date_format('3004/05/11 ', '%M');
+----------------------------------+
| date_format('3004/05/11 ', '%M') |
+----------------------------------+
| May                              |
+----------------------------------+
1 row in set (0.00 sec)

MariaDB [examc0719320]> select date_format('3004/05/11 ', '%m');
+----------------------------------+
| date_format('3004/05/11 ', '%m') |
+----------------------------------+
| 05                               |
+----------------------------------+
1 row in set (0.00 sec)

MariaDB [examc0719320]> select date_format('3004/05/11 ', '%MONTH');
+--------------------------------------+
| date_format('3004/05/11 ', '%MONTH') |
+--------------------------------------+
| MayONTH                              |
+--------------------------------------+
1 row in set (0.00 sec)

MariaDB [examc0719320]> select date_format('3004/05/11 ', '%M / %D');
+---------------------------------------+
| date_format('3004/05/11 ', '%M / %D') |
+---------------------------------------+
| May / 11th                            |
+---------------------------------------+
1 row in set (0.00 sec)

MariaDB [examc0719320]> select date_format('3004/05/11 ', '%M / %d');
+---------------------------------------+
| date_format('3004/05/11 ', '%M / %d') |
+---------------------------------------+
| May / 11                              |
+---------------------------------------+
1 row in set (0.00 sec)

MariaDB [examc0719320]> select date_format('3004/05/11 ', '%M / %day');
+-----------------------------------------+
| date_format('3004/05/11 ', '%M / %day') |
+-----------------------------------------+
| May / 11ay                              |
+-----------------------------------------+
1 row in set (0.00 sec)

MariaDB [examc0719320]> select date_format('3004/05/11 ', '%M / %d / %Y');
+--------------------------------------------+
| date_format('3004/05/11 ', '%M / %d / %Y') |
+--------------------------------------------+
| May / 11 / 3004                            |
+--------------------------------------------+
1 row in set (0.00 sec)

MariaDB [examc0719320]> select date_format('3004/05/11 ', '%M / %d / %y');
+--------------------------------------------+
| date_format('3004/05/11 ', '%M / %d / %y') |
+--------------------------------------------+
| May / 11 / 04                              |
+--------------------------------------------+
1 row in set (0.01 sec)

MariaDB [examc0719320]> select date_format('3004/05/11 ', '%M / %d / %year');
+-----------------------------------------------+
| date_format('3004/05/11 ', '%M / %d / %year') |
+-----------------------------------------------+
| May / 11 / 04ear                              |
+-----------------------------------------------+
1 row in set (0.00 sec)

MariaDB [examc0719320]> select date_format('3004/05/11 ', '%M / %d / %Y');
+--------------------------------------------+
| date_format('3004/05/11 ', '%M / %d / %Y') |
+--------------------------------------------+
| May / 11 / 3004                            |
+--------------------------------------------+
1 row in set (0.00 sec)

MariaDB [examc0719320]> select date_format('3004/05/11 ', '%M , %d  %Y');
+-------------------------------------------+
| date_format('3004/05/11 ', '%M , %d  %Y') |
+-------------------------------------------+
| May , 11  3004                            |
+-------------------------------------------+
1 row in set (0.00 sec)

MariaDB [examc0719320]> select date_format('3004/05/11 ', '%M , %d  %Y') as date;
+----------------+
| date           |
+----------------+
| May , 11  3004 |
+----------------+
1 row in set (0.00 sec)

MariaDB [examc0719320]> select date_format('shipment_date ', '%M , %d  %Y') as Shipment_date, tbl_employee.name as sender_name
    -> from tbl_shipment 
    -> JOIN tbl_package 
    -> ON tbl_shipment.shipment_id = tbl_package.shipment_id 
    -> JOIN tbl_employee 
    -> ON tbl_employee.employee_id = tbl_package.sender 
    -> where weight between 5 and 10 ;
+---------------+----------------------+
| Shipment_date | sender_name          |
+---------------+----------------------+
| NULL          | Turanga Leela        |
| NULL          | Turanga Leela        |
| NULL          | Hubert J. Farnsworth |
+---------------+----------------------+
3 rows in set, 3 warnings (0.00 sec)

MariaDB [examc0719320]> 	select date_format(shipment_date, '%M , %d  %Y') as Shipment_date, tbl_employee.name as sender_name
    -> from tbl_shipment 
    -> JOIN tbl_package 
    -> ON tbl_shipment.shipment_id = tbl_package.shipment_id 
    -> JOIN tbl_employee 
    -> ON tbl_employee.employee_id = tbl_package.sender 
    -> where weight between 5 and 10 
    -> 
    -> 
    -> ;
+----------------+----------------------+
| Shipment_date  | sender_name          |
+----------------+----------------------+
| May , 11  3004 | Turanga Leela        |
| NULL           | Turanga Leela        |
| NULL           | Hubert J. Farnsworth |
+----------------+----------------------+
3 rows in set (0.00 sec)

MariaDB [examc0719320]> select date_format(shipment_date, '%M , %d  %Y') as Shipment_date, tbl_employee.name as recipient_name
    -> from tbl_shipment 
    -> JOIN tbl_package 
    -> ON tbl_shipment.shipment_id = tbl_package.shipment_id 
    -> JOIN tbl_employee 
    -> ON tbl_employee.employee_id = tbl_package.recipient
    -> where weight between 5 and 10 
    -> ;
+----------------+--------------------------+
| Shipment_date  | recipient_name           |
+----------------+--------------------------+
| May , 11  3004 | Bender Bending Rodriguez |
| NULL           | Bender Bending Rodriguez |
| NULL           | John A. Zoidberg         |
+----------------+--------------------------+
3 rows in set (0.00 sec)

MariaDB [examc0719320]> 	create view v4.1 as select date_format(shipment_date, '%M , %d  %Y') as Shipment_date, tbl_employee.name as sender_name
    -> from tbl_shipment 
    -> JOIN tbl_package 
    -> ON tbl_shipment.shipment_id = tbl_package.shipment_id 
    -> JOIN tbl_employee 
    -> ON tbl_employee.employee_id = tbl_package.sender 
    -> where weight between 5 and 10 ;
ERROR 1049 (42000): Unknown database 'v4'
MariaDB [examc0719320]> 
MariaDB [examc0719320]> 
MariaDB [examc0719320]> 
MariaDB [examc0719320]> create view v41 as select date_format(shipment_date, '%M , %d  %Y') as Shipment_date, tbl_employee.name as sender_name
    -> from tbl_shipment 
    -> JOIN tbl_package 
    -> ON tbl_shipment.shipment_id = tbl_package.shipment_id 
    -> JOIN tbl_employee 
    -> ON tbl_employee.employee_id = tbl_package.sender 
    -> where weight between 5 and 10 ;
Query OK, 0 rows affected (0.06 sec)

MariaDB [examc0719320]> select * from v41;
+----------------+----------------------+
| Shipment_date  | sender_name          |
+----------------+----------------------+
| May , 11  3004 | Turanga Leela        |
| NULL           | Turanga Leela        |
| NULL           | Hubert J. Farnsworth |
+----------------+----------------------+
3 rows in set (0.00 sec)

MariaDB [examc0719320]> create view 42 as select date_format(shipment_date, '%M , %d  %Y') as Shipment_date, tbl_employee.name as recipient_name
    -> from tbl_shipment 
    -> JOIN tbl_package 
    -> ON tbl_shipment.shipment_id = tbl_package.shipment_id 
    -> JOIN tbl_employee 
    -> ON tbl_employee.employee_id = tbl_package.recipient
    -> where weight between 5 and 10 ;
ERROR 1064 (42000): You have an error in your SQL syntax; check the manual that corresponds to your MariaDB server version for the right syntax to use near '42 as select date_format(shipment_date, '%M , %d  %Y') as Shipment_date, tbl_emp' at line 1
MariaDB [examc0719320]> 	select date_format(shipment_date, '%M , %d  %Y') as Shipment_date, tbl_employee.name as recipient_name
    -> from tbl_shipment 
    -> JOIN tbl_package 
    -> ON tbl_shipment.shipment_id = tbl_package.shipment_id 
    -> JOIN tbl_employee 
    -> ON tbl_employee.employee_id = tbl_package.recipient
    -> where weight between 5 and 10 ;
+----------------+--------------------------+
| Shipment_date  | recipient_name           |
+----------------+--------------------------+
| May , 11  3004 | Bender Bending Rodriguez |
| NULL           | Bender Bending Rodriguez |
| NULL           | John A. Zoidberg         |
+----------------+--------------------------+
3 rows in set (0.00 sec)

MariaDB [examc0719320]> create view v42 as select date_format(shipment_date, '%M , %d  %Y') as Shipment_date, tbl_employee.name as recipient_name
    -> from tbl_shipment 
    -> JOIN tbl_package 
    -> ON tbl_shipment.shipment_id = tbl_package.shipment_id 
    -> JOIN tbl_employee 
    -> ON tbl_employee.employee_id = tbl_package.recipient
    -> where weight between 5 and 10 ;
Query OK, 0 rows affected (0.01 sec)

MariaDB [examc0719320]> select * from v2;
+-------------+----------------+------------+--------+--------+-----------+
| shipment_id | package_number | contents   | weight | sender | recipient |
+-------------+----------------+------------+--------+--------+-----------+
|           3 |              2 | Undeclared |      3 |      5 |         1 |
|           4 |              1 | Undeclared |      5 |      4 |         5 |
|           5 |              1 | Undeclared |    100 |      5 |         1 |
+-------------+----------------+------------+--------+--------+-----------+
3 rows in set (0.00 sec)

MariaDB [examc0719320]> select * from v42;
+----------------+--------------------------+
| Shipment_date  | recipient_name           |
+----------------+--------------------------+
| May , 11  3004 | Bender Bending Rodriguez |
| NULL           | Bender Bending Rodriguez |
| NULL           | John A. Zoidberg         |
+----------------+--------------------------+
3 rows in set (0.00 sec)

MariaDB [examc0719320]> select location_id from tbl_location where location = 'Mars' or location = 'Amazonia';
+-------------+
| location_id |
+-------------+
|           3 |
|           9 |
+-------------+
2 rows in set (0.00 sec)

MariaDB [examc0719320]> 
MariaDB [examc0719320]> select * from tbl_shipment JOIN tbl_location 
    -> ON tbl_shipment.location = tbl_location.location_id 
    -> where tbl_location.location = 'Mars' or location = 'Amazonia';
ERROR 1052 (23000): Column 'location' in where clause is ambiguous
MariaDB [examc0719320]> 
MariaDB [examc0719320]> select * from tbl_shipment JOIN tbl_location 
    -> ON tbl_shipment.location = tbl_location.location_id 
    -> where tbl_location.location = 'Mars' or tbl_location.location = 'Amazonia';
+-------------+---------------+---------+----------+-------------+----------+----------------+
| shipment_id | shipment_date | manager | location | location_id | location | coordinates    |
+-------------+---------------+---------+----------+-------------+----------+----------------+
|           3 | NULL          |       2 |        3 |           3 | Mars     | 32435021.65468 |
+-------------+---------------+---------+----------+-------------+----------+----------------+
1 row in set (0.00 sec)

MariaDB [examc0719320]> select * from tbl_shipment 
    -> where tbl_shipment.location IN (select location_id from tbl_location where location = 'Mars' or location = 'Amazonia');
+-------------+---------------+---------+----------+
| shipment_id | shipment_date | manager | location |
+-------------+---------------+---------+----------+
|           3 | NULL          |       2 |        3 |
+-------------+---------------+---------+----------+
1 row in set (0.00 sec)

MariaDB [examc0719320]> create view v5 as select * from tbl_shipment 
    -> where tbl_shipment.location IN (select location_id from tbl_location where location = 'Mars' or location = 'Amazonia');
Query OK, 0 rows affected (0.06 sec)

MariaDB [examc0719320]> select * from v5;
+-------------+---------------+---------+----------+
| shipment_id | shipment_date | manager | location |
+-------------+---------------+---------+----------+
|           3 | NULL          |       2 |        3 |
+-------------+---------------+---------+----------+
1 row in set (0.00 sec)

MariaDB [examc0719320]> select recipient from tbl_package where contents = 'Undeclared';
+-----------+
| recipient |
+-----------+
|         2 |
|         3 |
|         4 |
|         1 |
|         3 |
|         5 |
|         2 |
|         1 |
+-----------+
8 rows in set (0.00 sec)

MariaDB [examc0719320]> select client_name from tbl_client where account_number IN ( select recipient from tbl_package where contents = 'Undeclared' );
+-----------------+
| client_name     |
+-----------------+
| Zapp Brannigan  |
| Al Gore's Head  |
| Barbados Slim   |
| Ogden Wernstrom |
| Leo Wong        |
+-----------------+
5 rows in set (0.00 sec)

MariaDB [examc0719320]> create view v6 as 
    -> select client_name from tbl_client where account_number IN ( select recipient from tbl_package where contents = 'Undeclared' );
Query OK, 0 rows affected (0.06 sec)

MariaDB [examc0719320]> select * from v6;
+-----------------+
| client_name     |
+-----------------+
| Zapp Brannigan  |
| Al Gore's Head  |
| Barbados Slim   |
| Ogden Wernstrom |
| Leo Wong        |
+-----------------+
5 rows in set (0.00 sec)

MariaDB [examc0719320]> select date_format(shipment_date, '%M , %d  %Y') as Shipment_date, tbl_client.name as recipient_name
    -> from tbl_shipment 
    -> JOIN tbl_package 
    -> ON tbl_shipment.shipment_id = tbl_package.shipment_id 
    -> JOIN tbl_client 
    -> ON tbl_client.account_number = tbl_package.recipient
    -> where weight between 5 and 10 
    -> ;
ERROR 1054 (42S22): Unknown column 'tbl_client.name' in 'field list'
MariaDB [examc0719320]> select date_format(shipment_date, '%M , %d  %Y') as Shipment_date, tbl_client.client_name as recipient_name
    -> from tbl_shipment 
    -> JOIN tbl_package 
    -> ON tbl_shipment.shipment_id = tbl_package.shipment_id 
    -> JOIN tbl_client 
    -> ON tbl_client.account_number = tbl_package.recipient
    -> where weight between 5 and 10 ;
+----------------+----------------+
| Shipment_date  | recipient_name |
+----------------+----------------+
| May , 11  3004 | Barbados Slim  |
| NULL           | Barbados Slim  |
| NULL           | Leo Wong       |
+----------------+----------------+
3 rows in set (0.00 sec)

MariaDB [examc0719320]> select date_format(shipment_date, '%M , %d  %Y') as Shipment_date, tbl_client.client_name as sender_name
    -> from tbl_shipment 
    -> JOIN tbl_package 
    -> ON tbl_shipment.shipment_id = tbl_package.shipment_id 
    -> JOIN tbl_client 
    -> ON tbl_client.employee_id = tbl_package.sender 
    -> where weight between 5 and 10 ;
ERROR 1054 (42S22): Unknown column 'tbl_client.employee_id' in 'on clause'
MariaDB [examc0719320]> select date_format(shipment_date, '%M , %d  %Y') as Shipment_date, tbl_client.client_name as sender_name
    -> from tbl_shipment 
    -> JOIN tbl_package 
    -> ON tbl_shipment.shipment_id = tbl_package.shipment_id 
    -> JOIN tbl_client 
    -> ON tbl_client.account_number = tbl_package.sender 
    -> where weight between 5 and 10 
    -> ;
+----------------+-----------------+
| Shipment_date  | sender_name     |
+----------------+-----------------+
| May , 11  3004 | Al Gore's Head  |
| NULL           | Al Gore's Head  |
| NULL           | Ogden Wernstrom |
+----------------+-----------------+
3 rows in set (0.00 sec)

MariaDB [examc0719320]> drop view v41;
Query OK, 0 rows affected (0.00 sec)

MariaDB [examc0719320]> drop view v42;
Query OK, 0 rows affected (0.00 sec)

MariaDB [examc0719320]> create view v41 as  select date_format(shipment_date, '%M , %d  %Y') as Shipment_date, tbl_client.client_name as sender_namefrom tbl_shipment JOIN tbl_package ON tbl_shipment.shipment_id = tbl_package.shipment_id JOIN tbl_client ON tbl_client.account_number = tbl_package.sender where weight between 5 and 10 ;
ERROR 1064 (42000): You have an error in your SQL syntax; check the manual that corresponds to your MariaDB server version for the right syntax to use near 'tbl_shipment JOIN tbl_package ON tbl_shipment.shipment_id = tbl_package.shipment' at line 1
MariaDB [examc0719320]> create view v41 as select date_format(shipment_date, '%M , %d  %Y') as Shipment_date, tbl_client.client_name as sender_name
    -> from tbl_shipment 
    -> JOIN tbl_package 
    -> ON tbl_shipment.shipment_id = tbl_package.shipment_id 
    -> JOIN tbl_client 
    -> ON tbl_client.account_number = tbl_package.sender 
    -> where weight between 5 and 10 ;
Query OK, 0 rows affected (0.06 sec)

MariaDB [examc0719320]> select * from v41;
+----------------+-----------------+
| Shipment_date  | sender_name     |
+----------------+-----------------+
| May , 11  3004 | Al Gore's Head  |
| NULL           | Al Gore's Head  |
| NULL           | Ogden Wernstrom |
+----------------+-----------------+
3 rows in set (0.00 sec)

MariaDB [examc0719320]> create view v42 as select date_format(shipment_date, '%M , %d  %Y') as Shipment_date, tbl_client.client_name as recipient_name
    -> from tbl_shipment 
    -> JOIN tbl_package 
    -> ON tbl_shipment.shipment_id = tbl_package.shipment_id 
    -> JOIN tbl_client 
    -> ON tbl_client.account_number = tbl_package.recipient
    -> where weight between 5 and 10 
    -> ;
Query OK, 0 rows affected (0.06 sec)

MariaDB [examc0719320]> select * from v42;
+----------------+----------------+
| Shipment_date  | recipient_name |
+----------------+----------------+
| May , 11  3004 | Barbados Slim  |
| NULL           | Barbados Slim  |
| NULL           | Leo Wong       |
+----------------+----------------+
3 rows in set (0.00 sec)

MariaDB [examc0719320]> update tbl_employee set remarks = 'Remark given to this employee' where remarks is null;
Query OK, 7 rows affected (0.06 sec)
Rows matched: 7  Changed: 7  Warnings: 0

MariaDB [examc0719320]> select * from tbl_employee;
+-------------+--------------------------+--------------+--------+-------------------------------------------------------------------------+
| employee_id | name                     | position     | salary | remarks                                                                 |
+-------------+--------------------------+--------------+--------+-------------------------------------------------------------------------+
|           1 | Phillip J. Fry           | Delivery boy |   7500 | Not to be confused with the Philip J. Fry from Hovering Squid World 97a |
|           2 | Turanga Leela            | Captain      |  10000 | Remark given to this employee                                           |
|           3 | Bender Bending Rodriguez | Robot        |   7500 | Remark given to this employee                                           |
|           4 | Hubert J. Farnsworth     | CEO          |  20000 | Remark given to this employee                                           |
|           5 | John A. Zoidberg         | Physician    |     25 | Remark given to this employee                                           |
|           6 | Amy Wong                 | Intern       |   5000 | Remark given to this employee                                           |
|           7 | Hermes Conrad            | Bureaucrat   |  10000 | Remark given to this employee                                           |
|           8 | Scruffy Scruffington     | Janitor      |   5000 | Remark given to this employee                                           |
+-------------+--------------------------+--------------+--------+-------------------------------------------------------------------------+
8 rows in set (0.00 sec)

MariaDB [examc0719320]> select format(2700 , '$#,###.##');
+----------------------------+
| format(2700 , '$#,###.##') |
+----------------------------+
| 2,700                      |
+----------------------------+
1 row in set, 1 warning (0.00 sec)

MariaDB [examc0719320]> select concate($ , format(2700 , '#,###.##'));
ERROR 1305 (42000): FUNCTION examc0719320.concate does not exist
MariaDB [examc0719320]> select concat($ , format(2700 , '#,###.##'));
ERROR 1054 (42S22): Unknown column '$' in 'field list'
MariaDB [examc0719320]> select concat('$' , format(2700 , '#,###.##'));
+-----------------------------------------+
| concat('$' , format(2700 , '#,###.##')) |
+-----------------------------------------+
| $2,700                                  |
+-----------------------------------------+
1 row in set, 1 warning (0.00 sec)

MariaDB [examc0719320]> create view v8 as update tbl_employee set remarks = 'Remark given to this employee' where remarks is null;
ERROR 1064 (42000): You have an error in your SQL syntax; check the manual that corresponds to your MariaDB server version for the right syntax to use near 'update tbl_employee set remarks = 'Remark given to this employee' where remarks ' at line 1
MariaDB [examc0719320]> update tbl_employee set remarks = 'Remark given to this employee' where remarks is null;
Query OK, 0 rows affected (0.00 sec)
Rows matched: 0  Changed: 0  Warnings: 0

MariaDB [examc0719320]> create view v8 as
    -> update tbl_employee set remarks = 'Remark given to this employee' where remarks is null;
ERROR 1064 (42000): You have an error in your SQL syntax; check the manual that corresponds to your MariaDB server version for the right syntax to use near 'update tbl_employee set remarks = 'Remark given to this employee' where remarks ' at line 2
MariaDB [examc0719320]> select employee_id , name , position , concat('$' , format(salary , '#,###,###.##')) , remarks from tbl_employee ;
+-------------+--------------------------+--------------+-----------------------------------------------+-------------------------------------------------------------------------+
| employee_id | name                     | position     | concat('$' , format(salary , '#,###,###.##')) | remarks                                                                 |
+-------------+--------------------------+--------------+-----------------------------------------------+-------------------------------------------------------------------------+
|           1 | Phillip J. Fry           | Delivery boy | $7,500                                        | Not to be confused with the Philip J. Fry from Hovering Squid World 97a |
|           2 | Turanga Leela            | Captain      | $10,000                                       | Remark given to this employee                                           |
|           3 | Bender Bending Rodriguez | Robot        | $7,500                                        | Remark given to this employee                                           |
|           4 | Hubert J. Farnsworth     | CEO          | $20,000                                       | Remark given to this employee                                           |
|           5 | John A. Zoidberg         | Physician    | $25                                           | Remark given to this employee                                           |
|           6 | Amy Wong                 | Intern       | $5,000                                        | Remark given to this employee                                           |
|           7 | Hermes Conrad            | Bureaucrat   | $10,000                                       | Remark given to this employee                                           |
|           8 | Scruffy Scruffington     | Janitor      | $5,000                                        | Remark given to this employee                                           |
+-------------+--------------------------+--------------+-----------------------------------------------+-------------------------------------------------------------------------+
8 rows in set, 8 warnings (0.00 sec)

MariaDB [examc0719320]> select employee_id , name , position , concat('$' , format(salary , '#,###,###.##')) as salary, remarks from tbl_employee ;
+-------------+--------------------------+--------------+---------+-------------------------------------------------------------------------+
| employee_id | name                     | position     | salary  | remarks                                                                 |
+-------------+--------------------------+--------------+---------+-------------------------------------------------------------------------+
|           1 | Phillip J. Fry           | Delivery boy | $7,500  | Not to be confused with the Philip J. Fry from Hovering Squid World 97a |
|           2 | Turanga Leela            | Captain      | $10,000 | Remark given to this employee                                           |
|           3 | Bender Bending Rodriguez | Robot        | $7,500  | Remark given to this employee                                           |
|           4 | Hubert J. Farnsworth     | CEO          | $20,000 | Remark given to this employee                                           |
|           5 | John A. Zoidberg         | Physician    | $25     | Remark given to this employee                                           |
|           6 | Amy Wong                 | Intern       | $5,000  | Remark given to this employee                                           |
|           7 | Hermes Conrad            | Bureaucrat   | $10,000 | Remark given to this employee                                           |
|           8 | Scruffy Scruffington     | Janitor      | $5,000  | Remark given to this employee                                           |
+-------------+--------------------------+--------------+---------+-------------------------------------------------------------------------+
8 rows in set, 8 warnings (0.00 sec)

MariaDB [examc0719320]> create view v7 as
    -> select employee_id , name , position , concat('$' , format(salary , '#,###,###.##')) as salary, remarks from tbl_employee ;
Query OK, 0 rows affected (0.09 sec)

MariaDB [examc0719320]> select * from v7;
+-------------+--------------------------+--------------+---------+-------------------------------------------------------------------------+
| employee_id | name                     | position     | salary  | remarks                                                                 |
+-------------+--------------------------+--------------+---------+-------------------------------------------------------------------------+
|           1 | Phillip J. Fry           | Delivery boy | $7,500  | Not to be confused with the Philip J. Fry from Hovering Squid World 97a |
|           2 | Turanga Leela            | Captain      | $10,000 | Remark given to this employee                                           |
|           3 | Bender Bending Rodriguez | Robot        | $7,500  | Remark given to this employee                                           |
|           4 | Hubert J. Farnsworth     | CEO          | $20,000 | Remark given to this employee                                           |
|           5 | John A. Zoidberg         | Physician    | $25     | Remark given to this employee                                           |
|           6 | Amy Wong                 | Intern       | $5,000  | Remark given to this employee                                           |
|           7 | Hermes Conrad            | Bureaucrat   | $10,000 | Remark given to this employee                                           |
|           8 | Scruffy Scruffington     | Janitor      | $5,000  | Remark given to this employee                                           |
+-------------+--------------------------+--------------+---------+-------------------------------------------------------------------------+
8 rows in set, 8 warnings (0.00 sec)

MariaDB [examc0719320]> select concate (name , ' is ' , position , ' and earns $' , format(salary , '#,###,###.##' ) , '/month ' ) from tbl_employee;
ERROR 1305 (42000): FUNCTION examc0719320.concate does not exist
MariaDB [examc0719320]> select concat(name , ' is ' , position , ' and earns $' , format(salary , '#,###,###.##' ) , '/month ' ) from tbl_employee;
ERROR 1271 (HY000): Illegal mix of collations for operation 'concat'
MariaDB [examc0719320]> select concat(name , ' is ' , position , ' and earns $'  ) from tbl_employee;
+-----------------------------------------------------+
| concat(name , ' is ' , position , ' and earns $'  ) |
+-----------------------------------------------------+
| Phillip J. Fry is Delivery boy and earns $          |
| Turanga Leela is Captain and earns $                |
| Bender Bending Rodriguez is Robot and earns $       |
| Hubert J. Farnsworth is CEO and earns $             |
| John A. Zoidberg is Physician and earns $           |
| Amy Wong is Intern and earns $                      |
| Hermes Conrad is Bureaucrat and earns $             |
| Scruffy Scruffington is Janitor and earns $         |
+-----------------------------------------------------+
8 rows in set (0.00 sec)

MariaDB [examc0719320]> select concat(name , ' is ' , position , ' and earns $' , format(salary , '#,###,###.##' )) from tbl_employee;
ERROR 1271 (HY000): Illegal mix of collations for operation 'concat'
MariaDB [examc0719320]> select concat(name , ' is ' , position , ' and earns $' , format(salary , '#,###,###.##' ) ) from tbl_employee;
ERROR 1271 (HY000): Illegal mix of collations for operation 'concat'
MariaDB [examc0719320]> select concat(name , ' is ' , position , ' and earns $' , format(salary , '#,###,###.##' ) , '/month ' ) from tbl_employee;
ERROR 1271 (HY000): Illegal mix of collations for operation 'concat'
MariaDB [examc0719320]> 	create view v9 as  select concate (name , ' is ' , position , ' and earns $' , format(salary , '#`###`###.##' ) , '/month ' ) from tbl_employee;
ERROR 1305 (42000): FUNCTION examc0719320.concate does not exist
MariaDB [examc0719320]> 	create view v9 as  select concate (name , ' is ' , position , ' and earns $' , format(salary , '#######.##' ) , '/month ' ) from tbl_employee;
ERROR 1305 (42000): FUNCTION examc0719320.concate does not exist
MariaDB [examc0719320]> 	create view v9 as  select concat(name , ' is ' , position , ' and earns $' , format(salary , '#`###`###.##' ) , '/month ' ) from tbl_employee;
ERROR 1271 (HY000): Illegal mix of collations for operation 'concat'
MariaDB [examc0719320]> select concat(name , ' is ' , position , ' and earns $' , format(salary , '#`###`###.##' ) , '/month ' ) from tbl_employee;
ERROR 1271 (HY000): Illegal mix of collations for operation 'concat'
MariaDB [examc0719320]> select concat(name , ' is ' , position , ' and earns $' , format(salary , '#`###`###.##' ) , '/month ' ) from tbl_employee;
ERROR 1271 (HY000): Illegal mix of collations for operation 'concat'
MariaDB [examc0719320]> 
MariaDB [examc0719320]> 
MariaDB [examc0719320]> select cursate();
ERROR 1305 (42000): FUNCTION examc0719320.cursate does not exist
MariaDB [examc0719320]> select curdate();
+------------+
| curdate()  |
+------------+
| 2017-09-18 |
+------------+
1 row in set (0.03 sec)

MariaDB [examc0719320]> update tbl_shipment set tbl_shipment = curdate() where tbl_shipment is null;
ERROR 1054 (42S22): Unknown column 'tbl_shipment' in 'where clause'
MariaDB [examc0719320]> update tbl_shipment set tbl_shipment = curdate() where tbl_shipment is null;
ERROR 1054 (42S22): Unknown column 'tbl_shipment' in 'where clause'
MariaDB [examc0719320]> 
MariaDB [examc0719320]> update tbl_shipment set shipment_date = curdate() where tbl_shipment is null;
ERROR 1054 (42S22): Unknown column 'tbl_shipment' in 'where clause'
MariaDB [examc0719320]> update tbl_shipment set shipment_date = curdate() where tbl_shipment is null;
ERROR 1054 (42S22): Unknown column 'tbl_shipment' in 'where clause'
MariaDB [examc0719320]> update tbl_shipment set shipment_date = curdate() where shipment_date is null;
Query OK, 3 rows affected (0.05 sec)
Rows matched: 3  Changed: 3  Warnings: 0

MariaDB [examc0719320]> select * from tbl_shipment;
+-------------+---------------+---------+----------+
| shipment_id | shipment_date | manager | location |
+-------------+---------------+---------+----------+
|           1 | 3004/05/11    |       1 |        1 |
|           2 | 3004/05/11    |       1 |        2 |
|           3 | 2017-09-18    |       2 |        3 |
|           4 | 2017-09-18    |       2 |        4 |
|           5 | 2017-09-18    |       7 |        5 |
+-------------+---------------+---------+----------+
5 rows in set (0.00 sec)

MariaDB [examc0719320]> create view v10 as 
    -> update tbl_shipment set shipment_date = curdate() where shipment_date is null;
ERROR 1064 (42000): You have an error in your SQL syntax; check the manual that corresponds to your MariaDB server version for the right syntax to use near 'update tbl_shipment set shipment_date = curdate() where shipment_date is null' at line 2
MariaDB [examc0719320]> select * from v1;
+-------------+---------------+---------+----------+
| shipment_id | shipment_date | manager | location |
+-------------+---------------+---------+----------+
|           3 | 2017-09-18    |       2 |        3 |
|           4 | 2017-09-18    |       2 |        4 |
+-------------+---------------+---------+----------+
2 rows in set (0.00 sec)

MariaDB [examc0719320]> select * from v2;
+-------------+----------------+------------+--------+--------+-----------+
| shipment_id | package_number | contents   | weight | sender | recipient |
+-------------+----------------+------------+--------+--------+-----------+
|           3 |              2 | Undeclared |      3 |      5 |         1 |
|           4 |              1 | Undeclared |      5 |      4 |         5 |
|           5 |              1 | Undeclared |    100 |      5 |         1 |
+-------------+----------------+------------+--------+--------+-----------+
3 rows in set (0.00 sec)

MariaDB [examc0719320]> select * from v3;
+---------------+---------------+
| name          | location      |
+---------------+---------------+
| Hermes Conrad | Tarantulon VI |
+---------------+---------------+
1 row in set (0.00 sec)

